###############################################################################
#
# IAR ELF Linker V7.80.1.11864/W32 for ARM                17/Mar/2017  17:52:22
# Copyright 2007-2016 IAR Systems AB.
#
#    Output file  =  
#        C:\Users\fabian\Documents\GitHub\Projet_M2_gachette\Board\nrf6310\template_project\iar\Debug\Exe\template_project.out
#    Map file     =  
#        C:\Users\fabian\Documents\GitHub\Projet_M2_gachette\Board\nrf6310\template_project\iar\Debug\List\template_project.map
#    Command line =  
#        C:\Users\fabian\Documents\GitHub\Projet_M2_gachette\Board\nrf6310\template_project\iar\Debug\Obj\adc.o
#        C:\Users\fabian\Documents\GitHub\Projet_M2_gachette\Board\nrf6310\template_project\iar\Debug\Obj\iar_startup_nrf51.o
#        C:\Users\fabian\Documents\GitHub\Projet_M2_gachette\Board\nrf6310\template_project\iar\Debug\Obj\initialization.o
#        C:\Users\fabian\Documents\GitHub\Projet_M2_gachette\Board\nrf6310\template_project\iar\Debug\Obj\main.o
#        C:\Users\fabian\Documents\GitHub\Projet_M2_gachette\Board\nrf6310\template_project\iar\Debug\Obj\radio_config.o
#        C:\Users\fabian\Documents\GitHub\Projet_M2_gachette\Board\nrf6310\template_project\iar\Debug\Obj\system_nrf51.o
#        --redirect _Printf=_PrintfFull --redirect _Scanf=_ScanfFull -o
#        C:\Users\fabian\Documents\GitHub\Projet_M2_gachette\Board\nrf6310\template_project\iar\Debug\Exe\template_project.out
#        --map
#        C:\Users\fabian\Documents\GitHub\Projet_M2_gachette\Board\nrf6310\template_project\iar\Debug\List\template_project.map
#        --config "C:\Program Files (x86)\IAR Systems\Embedded Workbench
#        7.5\arm\config\linker\NordicSemi\nRF51822_QFAA.icf" --semihosting
#        --entry __iar_program_start --inline --vfe
#
###############################################################################

*******************************************************************************
*** RUNTIME MODEL ATTRIBUTES
***

CppFlavor       = *
__SystemLibrary = DLib


*******************************************************************************
*** PLACEMENT SUMMARY
***

"A0":  place at 0x00000000 { ro section .intvec };
"P1":  place in [from 0x00000000 to 0x0003ffff] { ro };
"P2":  place in [from 0x20000000 to 0x20003fff] { rw, block CSTACK, block HEAP };
initialize by copy { rw };
 { section .intvec };

  Section            Kind        Address   Size  Object
  -------            ----        -------   ----  ------
"A0":                                      0xc0
  .intvec            ro code  0x00000000   0xc0  iar_startup_nrf51.o [1]
                            - 0x000000c0   0xc0

"P1":                                     0x6ea
  .text              ro code  0x000000c0  0x254  radio_config.o [1]
  .text              ro code  0x00000314  0x1c0  initialization.o [1]
  .text              ro code  0x000004d4   0xf0  system_nrf51.o [1]
  .text              ro code  0x000005c4   0xb8  main.o [1]
  .text              ro code  0x0000067c   0x30  copy_init3.o [4]
  .text              ro code  0x000006ac   0x2c  iar_startup_nrf51.o [1]
  .text              ro code  0x000006d8   0x28  data_init.o [4]
  .iar.init_table    const    0x00000700   0x14  - Linker created -
  .text              ro code  0x00000714   0x1a  cmain.o [4]
  .text              ro code  0x0000072e    0x8  exit.o [3]
  .text              ro code  0x00000736    0x2  iar_startup_nrf51.o [1]
  .text              ro code  0x00000738    0xa  cexit.o [4]
  .text              ro code  0x00000742    0x2  iar_startup_nrf51.o [1]
  .text              ro code  0x00000744   0x14  exit.o [5]
  Initializer bytes  const    0x00000758   0x10  <for P2-1>
  .text              ro code  0x00000768    0xc  cstartup_M.o [4]
  .text              ro code  0x00000774    0x2  iar_startup_nrf51.o [1]
  .text              ro code  0x00000776    0x2  iar_startup_nrf51.o [1]
  .text              ro code  0x00000778    0x2  iar_startup_nrf51.o [1]
  .text              ro code  0x0000077a    0x2  iar_startup_nrf51.o [1]
  .text              ro code  0x0000077c    0x2  iar_startup_nrf51.o [1]
  .text              ro code  0x0000077e    0x2  iar_startup_nrf51.o [1]
  .text              ro code  0x00000780    0x2  iar_startup_nrf51.o [1]
  .text              ro code  0x00000782    0x2  iar_startup_nrf51.o [1]
  .text              ro code  0x00000784    0x2  iar_startup_nrf51.o [1]
  .text              ro code  0x00000786    0x2  iar_startup_nrf51.o [1]
  .text              ro code  0x00000788    0x2  iar_startup_nrf51.o [1]
  .text              ro code  0x0000078a    0x2  iar_startup_nrf51.o [1]
  .text              ro code  0x0000078c    0x2  iar_startup_nrf51.o [1]
  .text              ro code  0x0000078e    0x2  iar_startup_nrf51.o [1]
  .text              ro code  0x00000790    0x2  iar_startup_nrf51.o [1]
  .text              ro code  0x00000792    0x2  iar_startup_nrf51.o [1]
  .text              ro code  0x00000794    0x2  iar_startup_nrf51.o [1]
  .text              ro code  0x00000796    0x2  iar_startup_nrf51.o [1]
  .text              ro code  0x00000798    0x2  iar_startup_nrf51.o [1]
  .text              ro code  0x0000079a    0x2  iar_startup_nrf51.o [1]
  .text              ro code  0x0000079c    0x2  iar_startup_nrf51.o [1]
  .text              ro code  0x0000079e    0x2  iar_startup_nrf51.o [1]
  .text              ro code  0x000007a0    0x2  iar_startup_nrf51.o [1]
  .text              ro code  0x000007a2    0x2  iar_startup_nrf51.o [1]
  .text              ro code  0x000007a4    0x2  iar_startup_nrf51.o [1]
  .text              ro code  0x000007a6    0x2  iar_startup_nrf51.o [1]
  .text              ro code  0x000007a8    0x2  iar_startup_nrf51.o [1]
  .rodata            const    0x000007aa    0x0  copy_init3.o [4]
                            - 0x000007aa  0x6ea

"P2", part 1 of 2:                         0x10
  P2-1                        0x20000000    0xd  <Init block>
    .data            inited   0x20000000    0x4  system_nrf51.o [1]
    .bss             inited   0x20000004    0x8  main.o [1]
    .bss             inited   0x2000000c    0x1  main.o [1]
                            - 0x2000000d    0xd

"P2", part 2 of 2:                        0x800
  CSTACK                      0x20000010  0x800  <Block>
    CSTACK           uninit   0x20000010  0x800  <Block tail>
                            - 0x20000810  0x800


*******************************************************************************
*** INIT TABLE
***

          Address     Size
          -------     ----
Copy (__iar_copy_init3)
    1 source range, total size 0x10 (123% of destination):
          0x00000758  0x10
    1 destination range, total size 0xd:
          0x20000000   0xd



*******************************************************************************
*** MODULE SUMMARY
***

    Module               ro code  ro data  rw data
    ------               -------  -------  -------
C:\Users\fabian\Documents\GitHub\Projet_M2_gachette\Board\nrf6310\template_project\iar\Debug\Obj: [1]
    iar_startup_nrf51.o      294
    initialization.o         448
    main.o                   184        9        9
    radio_config.o           596
    system_nrf51.o           240        4        4
    ----------------------------------------------
    Total:                 1 762       13       13

command line: [2]
    ----------------------------------------------
    Total:

dl6M_tln.a: [3]
    exit.o                     8
    ----------------------------------------------
    Total:                     8

rt6M_tl.a: [4]
    cexit.o                   10
    cmain.o                   26
    copy_init3.o              48
    cstartup_M.o              12
    data_init.o               40
    ----------------------------------------------
    Total:                   136

shb_l.a: [5]
    exit.o                    20
    ----------------------------------------------
    Total:                    20

    Linker created                     23    2 048
--------------------------------------------------
    Grand Total:           1 926       36    2 061


*******************************************************************************
*** ENTRY LIST
***

Entry                      Address   Size  Type      Object
-----                      -------   ----  ----      ------
.iar.init_table$$Base   0x00000700          --   Gb  - Linker created -
.iar.init_table$$Limit  0x00000714          --   Gb  - Linker created -
?main                   0x00000715         Code  Gb  cmain.o [4]
CSTACK$$Base            0x20000010          --   Gb  - Linker created -
CSTACK$$Limit           0x20000810          --   Gb  - Linker created -
GPIOTE_IRQHandler       0x0000061f   0x40  Code  Gb  main.o [1]
NVIC_EnableIRQ          0x000005c5    0xe  Code  Lc  main.o [1]
Region$$Table$$Base     0x00000700          --   Gb  - Linker created -
Region$$Table$$Limit    0x00000714          --   Gb  - Linker created -
SystemCoreClock         0x20000000    0x4  Data  Gb  system_nrf51.o [1]
SystemInit              0x000004d5   0x28  Code  Gb  system_nrf51.o [1]
__Vectors               0x00000000          --   Gb  iar_startup_nrf51.o [1]
__Vectors_End           0x000000c0         Data  Gb  iar_startup_nrf51.o [1]
__Vectors_Size {Abs}    0x000000c0          --   Gb  iar_startup_nrf51.o [1]
__cmain                 0x00000715         Code  Gb  cmain.o [4]
__exit                  0x00000745   0x14  Code  Gb  exit.o [5]
__iar_copy_init3        0x0000067d   0x30  Code  Gb  copy_init3.o [4]
__iar_data_init3        0x000006d9   0x28  Code  Gb  data_init.o [4]
__iar_program_start     0x00000769         Code  Gb  cstartup_M.o [4]
__vector_table          0x00000000         Data  Gb  iar_startup_nrf51.o [1]
_call_main              0x00000721         Code  Gb  cmain.o [4]
_exit                   0x00000739         Code  Gb  cexit.o [4]
_main                   0x0000072b         Code  Gb  cmain.o [4]
count                   0x2000000c    0x1  Data  Gb  main.o [1]
data                    0x20000004    0x8  Data  Gb  main.o [1]
exit                    0x0000072f    0x8  Code  Gb  exit.o [3]
gpiote_init_encoder     0x00000347  0x174  Code  Gb  initialization.o [1]
is_disabled_in_debug_needed
                        0x0000056d   0x38  Code  Lc  system_nrf51.o [1]
is_manual_peripheral_setup_needed
                        0x000004fd   0x70  Code  Lc  system_nrf51.o [1]
main                    0x000005d3   0x4c  Code  Gb  main.o [1]
nrf_delay_us            0x000000c1   0x1e  Code  Lc  radio_config.o [1]
nrf_gpio_cfg_input      0x00000321   0x12  Code  Lc  initialization.o [1]
nrf_gpio_cfg_output     0x00000315    0xc  Code  Lc  initialization.o [1]
nrf_gpio_pin_clear      0x0000033d    0xa  Code  Lc  initialization.o [1]
nrf_gpio_pin_set        0x00000333    0xa  Code  Lc  initialization.o [1]
radio_configure         0x0000014d   0xe0  Code  Gb  radio_config.o [1]
rf_send                 0x0000022d   0x76  Code  Gb  radio_config.o [1]
swap_bits               0x000000df   0x2e  Code  Lc  radio_config.o [1]
swap_bytes              0x0000010d   0x40  Code  Lc  radio_config.o [1]


[1] = C:\Users\fabian\Documents\GitHub\Projet_M2_gachette\Board\nrf6310\template_project\iar\Debug\Obj
[2] = command line
[3] = dl6M_tln.a
[4] = rt6M_tl.a
[5] = shb_l.a

  1 926 bytes of readonly  code memory
     36 bytes of readonly  data memory
  2 061 bytes of readwrite data memory

Errors: none
Warnings: none
