###############################################################################
#
# IAR ELF Linker V7.80.1.11864/W32 for ARM                25/Jan/2017  18:07:37
# Copyright 2007-2016 IAR Systems AB.
#
#    Output file  =  
#        Z:\GitHub\Projet_M2_gachette\Board\nrf6310\template_project\iar\Debug\Exe\template_project.out
#    Map file     =  
#        Z:\GitHub\Projet_M2_gachette\Board\nrf6310\template_project\iar\Debug\List\template_project.map
#    Command line =  
#        Z:\GitHub\Projet_M2_gachette\Board\nrf6310\template_project\iar\Debug\Obj\adc.o
#        Z:\GitHub\Projet_M2_gachette\Board\nrf6310\template_project\iar\Debug\Obj\iar_startup_nrf51.o
#        Z:\GitHub\Projet_M2_gachette\Board\nrf6310\template_project\iar\Debug\Obj\initialization.o
#        Z:\GitHub\Projet_M2_gachette\Board\nrf6310\template_project\iar\Debug\Obj\main.o
#        Z:\GitHub\Projet_M2_gachette\Board\nrf6310\template_project\iar\Debug\Obj\radio_config.o
#        Z:\GitHub\Projet_M2_gachette\Board\nrf6310\template_project\iar\Debug\Obj\system_nrf51.o
#        --redirect _Printf=_PrintfFull --redirect _Scanf=_ScanfFull -o
#        Z:\GitHub\Projet_M2_gachette\Board\nrf6310\template_project\iar\Debug\Exe\template_project.out
#        --map
#        Z:\GitHub\Projet_M2_gachette\Board\nrf6310\template_project\iar\Debug\List\template_project.map
#        --config "C:\Program Files (x86)\IAR Systems\Embedded Workbench
#        7.5\arm\config\linker\NordicSemi\nRF51822_QFAA.icf" --semihosting
#        --entry __iar_program_start --inline --vfe
#
###############################################################################

*******************************************************************************
*** RUNTIME MODEL ATTRIBUTES
***

CppFlavor       = *
__SystemLibrary = DLib


*******************************************************************************
*** PLACEMENT SUMMARY
***

"A0":  place at 0x00000000 { ro section .intvec };
"P1":  place in [from 0x00000000 to 0x0003ffff] { ro };
"P2":  place in [from 0x20000000 to 0x20003fff] { rw, block CSTACK, block HEAP };
initialize by copy { rw };
 { section .intvec };

  Section            Kind        Address   Size  Object
  -------            ----        -------   ----  ------
"A0":                                      0xc0
  .intvec            ro code  0x00000000   0xc0  iar_startup_nrf51.o [1]
                            - 0x000000c0   0xc0

"P1":                                     0x4a2
  .text              ro code  0x000000c0  0x1a8  initialization.o [1]
  .text              ro code  0x00000268   0xf0  system_nrf51.o [1]
  .text              ro code  0x00000358   0xe8  main.o [1]
  .text              ro code  0x00000440   0x30  copy_init3.o [4]
  .text              ro code  0x00000470   0x2c  iar_startup_nrf51.o [1]
  .text              ro code  0x0000049c   0x28  data_init.o [4]
  .iar.init_table    const    0x000004c4   0x14  - Linker created -
  .text              ro code  0x000004d8   0x1a  cmain.o [4]
  .text              ro code  0x000004f2    0x8  exit.o [3]
  .text              ro code  0x000004fa    0x2  iar_startup_nrf51.o [1]
  .text              ro code  0x000004fc    0xa  cexit.o [4]
  .text              ro code  0x00000506    0x2  iar_startup_nrf51.o [1]
  .text              ro code  0x00000508   0x14  exit.o [5]
  .text              ro code  0x0000051c    0xc  cstartup_M.o [4]
  Initializer bytes  const    0x00000528    0x4  <for P2-1>
  .text              ro code  0x0000052c    0x2  iar_startup_nrf51.o [1]
  .text              ro code  0x0000052e    0x2  iar_startup_nrf51.o [1]
  .text              ro code  0x00000530    0x2  iar_startup_nrf51.o [1]
  .text              ro code  0x00000532    0x2  iar_startup_nrf51.o [1]
  .text              ro code  0x00000534    0x2  iar_startup_nrf51.o [1]
  .text              ro code  0x00000536    0x2  iar_startup_nrf51.o [1]
  .text              ro code  0x00000538    0x2  iar_startup_nrf51.o [1]
  .text              ro code  0x0000053a    0x2  iar_startup_nrf51.o [1]
  .text              ro code  0x0000053c    0x2  iar_startup_nrf51.o [1]
  .text              ro code  0x0000053e    0x2  iar_startup_nrf51.o [1]
  .text              ro code  0x00000540    0x2  iar_startup_nrf51.o [1]
  .text              ro code  0x00000542    0x2  iar_startup_nrf51.o [1]
  .text              ro code  0x00000544    0x2  iar_startup_nrf51.o [1]
  .text              ro code  0x00000546    0x2  iar_startup_nrf51.o [1]
  .text              ro code  0x00000548    0x2  iar_startup_nrf51.o [1]
  .text              ro code  0x0000054a    0x2  iar_startup_nrf51.o [1]
  .text              ro code  0x0000054c    0x2  iar_startup_nrf51.o [1]
  .text              ro code  0x0000054e    0x2  iar_startup_nrf51.o [1]
  .text              ro code  0x00000550    0x2  iar_startup_nrf51.o [1]
  .text              ro code  0x00000552    0x2  iar_startup_nrf51.o [1]
  .text              ro code  0x00000554    0x2  iar_startup_nrf51.o [1]
  .text              ro code  0x00000556    0x2  iar_startup_nrf51.o [1]
  .text              ro code  0x00000558    0x2  iar_startup_nrf51.o [1]
  .text              ro code  0x0000055a    0x2  iar_startup_nrf51.o [1]
  .text              ro code  0x0000055c    0x2  iar_startup_nrf51.o [1]
  .text              ro code  0x0000055e    0x2  iar_startup_nrf51.o [1]
  .text              ro code  0x00000560    0x2  iar_startup_nrf51.o [1]
  .rodata            const    0x00000562    0x0  copy_init3.o [4]
                            - 0x00000562  0x4a2

"P2", part 1 of 2:                          0x4
  P2-1                        0x20000000    0x4  <Init block>
    .data            inited   0x20000000    0x4  system_nrf51.o [1]
                            - 0x20000004    0x4

"P2", part 2 of 2:                        0x800
  CSTACK                      0x20000008  0x800  <Block>
    CSTACK           uninit   0x20000008  0x800  <Block tail>
                            - 0x20000808  0x800


*******************************************************************************
*** INIT TABLE
***

          Address     Size
          -------     ----
Copy (__iar_copy_init3)
    1 source range, total size 0x4:
          0x00000528   0x4
    1 destination range, total size 0x4:
          0x20000000   0x4



*******************************************************************************
*** MODULE SUMMARY
***

    Module               ro code  ro data  rw data
    ------               -------  -------  -------
Z:\GitHub\Projet_M2_gachette\Board\nrf6310\template_project\iar\Debug\Obj: [1]
    iar_startup_nrf51.o      294
    initialization.o         424
    main.o                   232
    system_nrf51.o           240        4        4
    ----------------------------------------------
    Total:                 1 190        4        4

command line: [2]
    ----------------------------------------------
    Total:

dl6M_tln.a: [3]
    exit.o                     8
    ----------------------------------------------
    Total:                     8

rt6M_tl.a: [4]
    cexit.o                   10
    cmain.o                   26
    copy_init3.o              48
    cstartup_M.o              12
    data_init.o               40
    ----------------------------------------------
    Total:                   136

shb_l.a: [5]
    exit.o                    20
    ----------------------------------------------
    Total:                    20

    Linker created                     20    2 048
--------------------------------------------------
    Grand Total:           1 354       24    2 052


*******************************************************************************
*** ENTRY LIST
***

Entry                      Address   Size  Type      Object
-----                      -------   ----  ----      ------
.iar.init_table$$Base   0x000004c4          --   Gb  - Linker created -
.iar.init_table$$Limit  0x000004d8          --   Gb  - Linker created -
?main                   0x000004d9         Code  Gb  cmain.o [4]
CSTACK$$Base            0x20000008          --   Gb  - Linker created -
CSTACK$$Limit           0x20000808          --   Gb  - Linker created -
GPIOTE_IRQHandler       0x000003af   0x76  Code  Gb  main.o [1]
NVIC_EnableIRQ          0x00000359    0xe  Code  Lc  main.o [1]
Region$$Table$$Base     0x000004c4          --   Gb  - Linker created -
Region$$Table$$Limit    0x000004d8          --   Gb  - Linker created -
SystemCoreClock         0x20000000    0x4  Data  Gb  system_nrf51.o [1]
SystemInit              0x00000269   0x28  Code  Gb  system_nrf51.o [1]
__Vectors               0x00000000          --   Gb  iar_startup_nrf51.o [1]
__Vectors_End           0x000000c0         Data  Gb  iar_startup_nrf51.o [1]
__Vectors_Size {Abs}    0x000000c0          --   Gb  iar_startup_nrf51.o [1]
__cmain                 0x000004d9         Code  Gb  cmain.o [4]
__exit                  0x00000509   0x14  Code  Gb  exit.o [5]
__iar_copy_init3        0x00000441   0x30  Code  Gb  copy_init3.o [4]
__iar_data_init3        0x0000049d   0x28  Code  Gb  data_init.o [4]
__iar_program_start     0x0000051d         Code  Gb  cstartup_M.o [4]
__vector_table          0x00000000         Data  Gb  iar_startup_nrf51.o [1]
_call_main              0x000004e5         Code  Gb  cmain.o [4]
_exit                   0x000004fd         Code  Gb  cexit.o [4]
_main                   0x000004ef         Code  Gb  cmain.o [4]
exit                    0x000004f3    0x8  Code  Gb  exit.o [3]
gpiote_init             0x00000113  0x142  Code  Gb  initialization.o [1]
is_disabled_in_debug_needed
                        0x00000301   0x38  Code  Lc  system_nrf51.o [1]
is_manual_peripheral_setup_needed
                        0x00000291   0x70  Code  Lc  system_nrf51.o [1]
main                    0x00000381   0x2e  Code  Gb  main.o [1]
nrf_gpio_cfg_input      0x000000cd   0x12  Code  Lc  initialization.o [1]
nrf_gpio_cfg_output     0x000000c1    0xc  Code  Lc  initialization.o [1]
nrf_gpio_pin_clear      0x000000df    0xa  Code  Lc  initialization.o [1]
nrf_gpio_pin_set        0x00000367    0xa  Code  Lc  main.o [1]
nrf_gpio_pin_toggle     0x00000371   0x10  Code  Lc  main.o [1]
nrf_gpiote_event_config
                        0x000000e9   0x2a  Code  Lc  initialization.o [1]


[1] = Z:\GitHub\Projet_M2_gachette\Board\nrf6310\template_project\iar\Debug\Obj
[2] = command line
[3] = dl6M_tln.a
[4] = rt6M_tl.a
[5] = shb_l.a

  1 354 bytes of readonly  code memory
     24 bytes of readonly  data memory
  2 052 bytes of readwrite data memory

Errors: none
Warnings: none
