###############################################################################
#
# IAR ELF Linker V7.80.1.11864/W32 for ARM                07/Feb/2017  18:24:27
# Copyright 2007-2016 IAR Systems AB.
#
#    Output file  =  
#        C:\Users\CYRIM\Documents\GitHub\Projet_M2_gachette\Board\nrf6310\template_project\iar\Debug\Exe\template_project.out
#    Map file     =  
#        C:\Users\CYRIM\Documents\GitHub\Projet_M2_gachette\Board\nrf6310\template_project\iar\Debug\List\template_project.map
#    Command line =  
#        C:\Users\CYRIM\Documents\GitHub\Projet_M2_gachette\Board\nrf6310\template_project\iar\Debug\Obj\adc.o
#        C:\Users\CYRIM\Documents\GitHub\Projet_M2_gachette\Board\nrf6310\template_project\iar\Debug\Obj\iar_startup_nrf51.o
#        C:\Users\CYRIM\Documents\GitHub\Projet_M2_gachette\Board\nrf6310\template_project\iar\Debug\Obj\initialization.o
#        C:\Users\CYRIM\Documents\GitHub\Projet_M2_gachette\Board\nrf6310\template_project\iar\Debug\Obj\main.o
#        C:\Users\CYRIM\Documents\GitHub\Projet_M2_gachette\Board\nrf6310\template_project\iar\Debug\Obj\radio_config.o
#        C:\Users\CYRIM\Documents\GitHub\Projet_M2_gachette\Board\nrf6310\template_project\iar\Debug\Obj\system_nrf51.o
#        C:\Users\CYRIM\Documents\GitHub\Projet_M2_gachette\Board\nrf6310\template_project\iar\Debug\Obj\uart.o
#        --redirect _Printf=_PrintfFull --redirect _Scanf=_ScanfFull -o
#        C:\Users\CYRIM\Documents\GitHub\Projet_M2_gachette\Board\nrf6310\template_project\iar\Debug\Exe\template_project.out
#        --map
#        C:\Users\CYRIM\Documents\GitHub\Projet_M2_gachette\Board\nrf6310\template_project\iar\Debug\List\template_project.map
#        --config "C:\Program Files (x86)\IAR Systems\Embedded Workbench
#        7.5\arm\config\linker\NordicSemi\nRF51822_QFAA.icf" --semihosting
#        --entry __iar_program_start --inline --vfe
#
###############################################################################

*******************************************************************************
*** RUNTIME MODEL ATTRIBUTES
***

CppFlavor       = *
__SystemLibrary = DLib


*******************************************************************************
*** PLACEMENT SUMMARY
***

"A0":  place at 0x00000000 { ro section .intvec };
"P1":  place in [from 0x00000000 to 0x0003ffff] { ro };
"P2":  place in [from 0x20000000 to 0x20003fff] { rw, block CSTACK, block HEAP };
initialize by copy { rw };
 { section .intvec };

  Section            Kind        Address   Size  Object
  -------            ----        -------   ----  ------
"A0":                                      0xc0
  .intvec            ro code  0x00000000   0xc0  iar_startup_nrf51.o [1]
                            - 0x000000c0   0xc0

"P1":                                     0x3a4
  .text              ro code  0x000000c0  0x16c  initialization.o [1]
  .text              ro code  0x0000022c   0xf0  system_nrf51.o [1]
  .text              ro code  0x0000031c   0x30  copy_init3.o [4]
  .text              ro code  0x0000034c   0x2c  iar_startup_nrf51.o [1]
  .text              ro code  0x00000378   0x28  data_init.o [4]
  .text              ro code  0x000003a0   0x24  main.o [1]
  .iar.init_table    const    0x000003c4   0x14  - Linker created -
  .text              ro code  0x000003d8   0x1a  cmain.o [4]
  .text              ro code  0x000003f2    0x8  exit.o [3]
  .text              ro code  0x000003fa    0x2  iar_startup_nrf51.o [1]
  .text              ro code  0x000003fc    0xa  cexit.o [4]
  .text              ro code  0x00000406    0x2  iar_startup_nrf51.o [1]
  .text              ro code  0x00000408   0x14  exit.o [5]
  .text              ro code  0x0000041c    0xc  cstartup_M.o [4]
  Initializer bytes  const    0x00000428    0x4  <for P2-1>
  .text              ro code  0x0000042c    0x2  iar_startup_nrf51.o [1]
  .text              ro code  0x0000042e    0x2  iar_startup_nrf51.o [1]
  .text              ro code  0x00000430    0x2  iar_startup_nrf51.o [1]
  .text              ro code  0x00000432    0x2  iar_startup_nrf51.o [1]
  .text              ro code  0x00000434    0x2  iar_startup_nrf51.o [1]
  .text              ro code  0x00000436    0x2  iar_startup_nrf51.o [1]
  .text              ro code  0x00000438    0x2  iar_startup_nrf51.o [1]
  .text              ro code  0x0000043a    0x2  iar_startup_nrf51.o [1]
  .text              ro code  0x0000043c    0x2  iar_startup_nrf51.o [1]
  .text              ro code  0x0000043e    0x2  iar_startup_nrf51.o [1]
  .text              ro code  0x00000440    0x2  iar_startup_nrf51.o [1]
  .text              ro code  0x00000442    0x2  iar_startup_nrf51.o [1]
  .text              ro code  0x00000444    0x2  iar_startup_nrf51.o [1]
  .text              ro code  0x00000446    0x2  iar_startup_nrf51.o [1]
  .text              ro code  0x00000448    0x2  iar_startup_nrf51.o [1]
  .text              ro code  0x0000044a    0x2  iar_startup_nrf51.o [1]
  .text              ro code  0x0000044c    0x2  iar_startup_nrf51.o [1]
  .text              ro code  0x0000044e    0x2  iar_startup_nrf51.o [1]
  .text              ro code  0x00000450    0x2  iar_startup_nrf51.o [1]
  .text              ro code  0x00000452    0x2  iar_startup_nrf51.o [1]
  .text              ro code  0x00000454    0x2  iar_startup_nrf51.o [1]
  .text              ro code  0x00000456    0x2  iar_startup_nrf51.o [1]
  .text              ro code  0x00000458    0x2  iar_startup_nrf51.o [1]
  .text              ro code  0x0000045a    0x2  iar_startup_nrf51.o [1]
  .text              ro code  0x0000045c    0x2  iar_startup_nrf51.o [1]
  .text              ro code  0x0000045e    0x2  iar_startup_nrf51.o [1]
  .text              ro code  0x00000460    0x2  iar_startup_nrf51.o [1]
  .text              ro code  0x00000462    0x2  iar_startup_nrf51.o [1]
  .rodata            const    0x00000464    0x0  copy_init3.o [4]
                            - 0x00000464  0x3a4

"P2", part 1 of 2:                          0x4
  P2-1                        0x20000000    0x4  <Init block>
    .data            inited   0x20000000    0x4  system_nrf51.o [1]
                            - 0x20000004    0x4

"P2", part 2 of 2:                        0x800
  CSTACK                      0x20000008  0x800  <Block>
    CSTACK           uninit   0x20000008  0x800  <Block tail>
                            - 0x20000808  0x800


*******************************************************************************
*** INIT TABLE
***

          Address     Size
          -------     ----
Copy (__iar_copy_init3)
    1 source range, total size 0x4:
          0x00000428   0x4
    1 destination range, total size 0x4:
          0x20000000   0x4



*******************************************************************************
*** MODULE SUMMARY
***

    Module               ro code  ro data  rw data
    ------               -------  -------  -------
C:\Users\CYRIM\Documents\GitHub\Projet_M2_gachette\Board\nrf6310\template_project\iar\Debug\Obj: [1]
    iar_startup_nrf51.o      296
    initialization.o         364
    main.o                    36
    system_nrf51.o           240        4        4
    ----------------------------------------------
    Total:                   936        4        4

command line: [2]
    ----------------------------------------------
    Total:

dl6M_tln.a: [3]
    exit.o                     8
    ----------------------------------------------
    Total:                     8

rt6M_tl.a: [4]
    cexit.o                   10
    cmain.o                   26
    copy_init3.o              48
    cstartup_M.o              12
    data_init.o               40
    ----------------------------------------------
    Total:                   136

shb_l.a: [5]
    exit.o                    20
    ----------------------------------------------
    Total:                    20

    Linker created                     20    2 048
--------------------------------------------------
    Grand Total:           1 100       24    2 052


*******************************************************************************
*** ENTRY LIST
***

Entry                      Address   Size  Type      Object
-----                      -------   ----  ----      ------
.iar.init_table$$Base   0x000003c4          --   Gb  - Linker created -
.iar.init_table$$Limit  0x000003d8          --   Gb  - Linker created -
?main                   0x000003d9         Code  Gb  cmain.o [4]
CSTACK$$Base            0x20000008          --   Gb  - Linker created -
CSTACK$$Limit           0x20000808          --   Gb  - Linker created -
Region$$Table$$Base     0x000003c4          --   Gb  - Linker created -
Region$$Table$$Limit    0x000003d8          --   Gb  - Linker created -
SystemCoreClock         0x20000000    0x4  Data  Gb  system_nrf51.o [1]
SystemInit              0x0000022d   0x28  Code  Gb  system_nrf51.o [1]
__Vectors               0x00000000          --   Gb  iar_startup_nrf51.o [1]
__Vectors_End           0x000000c0         Data  Gb  iar_startup_nrf51.o [1]
__Vectors_Size {Abs}    0x000000c0          --   Gb  iar_startup_nrf51.o [1]
__cmain                 0x000003d9         Code  Gb  cmain.o [4]
__exit                  0x00000409   0x14  Code  Gb  exit.o [5]
__iar_copy_init3        0x0000031d   0x30  Code  Gb  copy_init3.o [4]
__iar_data_init3        0x00000379   0x28  Code  Gb  data_init.o [4]
__iar_program_start     0x0000041d         Code  Gb  cstartup_M.o [4]
__vector_table          0x00000000         Data  Gb  iar_startup_nrf51.o [1]
_call_main              0x000003e5         Code  Gb  cmain.o [4]
_exit                   0x000003fd         Code  Gb  cexit.o [4]
_main                   0x000003ef         Code  Gb  cmain.o [4]
exit                    0x000003f3    0x8  Code  Gb  exit.o [3]
gpiote_init             0x000000e9  0x132  Code  Gb  initialization.o [1]
is_disabled_in_debug_needed
                        0x000002c5   0x38  Code  Lc  system_nrf51.o [1]
is_manual_peripheral_setup_needed
                        0x00000255   0x70  Code  Lc  system_nrf51.o [1]
main                    0x000003a1   0x24  Code  Gb  main.o [1]
nrf_gpio_cfg_input      0x000000cd   0x12  Code  Lc  initialization.o [1]
nrf_gpio_cfg_output     0x000000c1    0xc  Code  Lc  initialization.o [1]
nrf_gpio_pin_clear      0x000000df    0xa  Code  Lc  initialization.o [1]


[1] = C:\Users\CYRIM\Documents\GitHub\Projet_M2_gachette\Board\nrf6310\template_project\iar\Debug\Obj
[2] = command line
[3] = dl6M_tln.a
[4] = rt6M_tl.a
[5] = shb_l.a

  1 100 bytes of readonly  code memory
     24 bytes of readonly  data memory
  2 052 bytes of readwrite data memory

Errors: none
Warnings: none
